// Vitest Snapshot v1

exports[`<YouTubeIframe /> > renders with videoId 2`] = `
<iframe
  allow="accelerometer; autoplay; encrypted-media; gyroscope; picture-in-picture"
  allowfullscreen=""
  class="_iframe_9ba7a8"
  data-testid="youtube-iframe"
  frameborder="0"
  src="https://www.youtube.com/embed/3-Pf8s2nP-g"
  title="YouTube Video"
/>
`;
