// Jest Snapshot v1, https://goo.gl/fbAQLP

exports[`<Gif /> matches snapshot 1`] = `
<figure
  class="relative mx-auto"
  style="max-width: 300px;"
>
  <img
    alt="foo bar"
    height="300"
    src="https://media.giphy.com/media/YqnXSeq7AFSYjAAhpU/giphy.gif"
    width="300"
  />
  <figcaption
    class="w-full text-center"
    role="caption"
  >
    foo bar
  </figcaption>
</figure>
`;
