// Jest Snapshot v1, https://goo.gl/fbAQLP

exports[`<YouTubeIframe /> renders with src 1`] = `
<iframe
  allow="accelerometer; autoplay; encrypted-media; gyroscope; picture-in-picture"
  allowfullscreen=""
  class="absolute top-0 left-0 h-full w-full"
  data-testid="youtube-iframe"
  frameborder="0"
  height="315"
  src="https://www.youtube.com/embed/3-Pf8s2nP-g"
  title="YouTube Video"
  width="560"
/>
`;

exports[`<YouTubeIframe /> renders with videoId 2`] = `
<iframe
  allow="accelerometer; autoplay; encrypted-media; gyroscope; picture-in-picture"
  allowfullscreen=""
  class="absolute top-0 left-0 h-full w-full"
  data-testid="youtube-iframe"
  frameborder="0"
  height="315"
  src="https://www.youtube.com/embed/3-Pf8s2nP-g"
  title="YouTube Video"
  width="560"
/>
`;
