// Vitest Snapshot v1

exports[`<ImageSlider /> > matches snapshot 1`] = `
<div
  class="relative p-2 mx-auto"
  data-testid="image-slider"
>
  <figure
    data-sliderfigure="true"
    style="margin: 0px;"
  >
    <img
      alt="random picture"
      class="mx-auto"
      height="200"
      src="/test.png"
      width="300"
    />
    <figcaption
      class="text-center"
      data-testid="caption"
    >
      random picture
    </figcaption>
  </figure>
  <div
    class="absolute top-0 left-0 right-0 flex justify-between -mx-3 transform h-7"
    data-testid="actions-wrapper"
    style="transform: translateY(150px);"
  >
    <button
      aria-label="Previous image"
      class="z-10 w-8 h-8 p-2 text-lg duration-200 bg-white rounded-full shadow dark:bg-blue-700 transition-theme ease "
      data-testid="prev-image"
      type="button"
    >
      <svg
        fill="none"
        style="transform: rotate(90deg);"
        viewBox="0 0 32 32"
        xmlns="http://www.w3.org/2000/svg"
      >
        <path
          d="M26 12L16 22 6 12"
          stroke="currentColor"
          stroke-linecap="round"
          stroke-linejoin="round"
          stroke-width="2"
        />
      </svg>
    </button>
    <button
      aria-label="Next image"
      class="z-10 w-8 h-8 p-2 text-lg duration-200 bg-white rounded-full shadow dark:bg-blue-700 transition-theme ease "
      data-testid="next-image"
      type="button"
    >
      <svg
        fill="none"
        style="transform: rotate(-90deg);"
        viewBox="0 0 32 32"
        xmlns="http://www.w3.org/2000/svg"
      >
        <path
          d="M26 12L16 22 6 12"
          stroke="currentColor"
          stroke-linecap="round"
          stroke-linejoin="round"
          stroke-width="2"
        />
      </svg>
    </button>
  </div>
</div>
`;
