// Vitest Snapshot v1

exports[`<Gif /> > matches snapshot 1`] = `
<figure
  class="_figure_983164"
  style="max-width: 300px;"
>
  <img
    alt="foo bar"
    height="300"
    src="https://media.giphy.com/media/YqnXSeq7AFSYjAAhpU/giphy.gif"
    width="300"
  />
  <figcaption
    class="_caption_983164"
    role="caption"
  >
    foo bar
  </figcaption>
</figure>
`;
